---
http_interactions:
- request:
    method: get
    uri: https://purl.stanford.edu/xf680rd3068.xml
    body:
      encoding: US-ASCII
      string: ''
    headers:
      Accept-Encoding:
      - gzip;q=1.0,deflate;q=0.6,identity;q=0.3
      Accept:
      - "*/*"
      User-Agent:
      - Ruby
  response:
    status:
      code: 200
      message: OK
    headers:
      Date:
      - Tue, 10 Nov 2015 20:02:56 GMT
      Server:
      - Apache/2.2.15 (CentOS)
      Cache-Control:
      - max-age=0, private, must-revalidate
      Etag:
      - '"37e08cb364489ba8b40e25f7e60ef051"'
      X-Frame-Options:
      - SAMEORIGIN
      X-Xss-Protection:
      - 1; mode=block
      X-Content-Type-Options:
      - nosniff
      X-Runtime:
      - '0.007653'
      X-Request-Id:
      - edd4e7d0-72e9-42ce-8779-4dc4ee5ef83e
      X-Powered-By:
      - Phusion Passenger 5.0.16
      Strict-Transport-Security:
      - max-age=31536000; includeSubDomains
      Last-Modified:
      - Fri, 24 Apr 2015 18:45:21 GMT
      Status:
      - 200 OK
      Transfer-Encoding:
      - chunked
      Content-Type:
      - application/xml; charset=utf-8
    body:
      encoding: UTF-8
      string: |
        <?xml version="1.0" encoding="UTF-8"?>
        <publicObject id="druid:xf680rd3068" published="2015-04-24T11:45:16-07:00">
          <identityMetadata>
            <sourceId source="sul">MISC_1855</sourceId>
            <objectId>druid:xf680rd3068</objectId>
            <objectCreator>DOR</objectCreator>
            <objectLabel>Latin glossary : small manuscript fragment on vellum.</objectLabel>
            <objectType>item</objectType>
            <adminPolicy>druid:yg077np2529</adminPolicy>
            <otherId name="catkey">10157160</otherId>
            <otherId name="uuid">48b412d0-516c-11e3-bb66-0050569b3c3c</otherId>
            <tag>Process : Content Type : Image</tag>
            <tag>Project : Special Collections - Exhibitions</tag>
            <tag>JIRA : PROJQUEUE-85</tag>
            <tag>DPG : Medieval Manuscript Exhibition 2014</tag>
            <tag>DPG : Curator Request : Jordan</tag>
            <tag>Registered By : astrids</tag>
            <tag>Remediated By : 4.14.4</tag>
          </identityMetadata>
          <contentMetadata type="image" objectId="xf680rd3068">
            <resource type="image" sequence="1" id="xf680rd3068_1">
              <label>Image 1</label>
              <file id="xf680rd3068_00_0001.jp2" mimetype="image/jp2" size="887079">
                <imageData width="1794" height="2627"/>
              </file>
            </resource>
            <resource type="image" sequence="2" id="xf680rd3068_2">
              <label>Image 2</label>
              <file id="xf680rd3068_00_0002.jp2" mimetype="image/jp2" size="887064">
                <imageData width="1794" height="2627"/>
              </file>
            </resource>
          </contentMetadata>
          <rightsMetadata>
            <access type="discover">
              <machine>
                <world/>
              </machine>
            </access>
            <access type="read">
              <machine>
                <world/>
              </machine>
            </access>
            <use>
              <human type="useAndReproduction">Property rights reside with the repository. Literary rights reside with the creators of the documents or their heirs. To obtain permission to publish or reproduce, please contact the Special Collections Public Services Librarian at speccollref@stanford.edu.</human>
            </use>
            <use>
              <human type="creativeCommons"/>
              <machine type="creativeCommons"/>
            </use>
          </rightsMetadata>
          <rdf:RDF xmlns:fedora="info:fedora/fedora-system:def/relations-external#" xmlns:fedora-model="info:fedora/fedora-system:def/model#" xmlns:hydra="http://projecthydra.org/ns/relations#" xmlns:rdf="http://www.w3.org/1999/02/22-rdf-syntax-ns#">
            <rdf:Description rdf:about="info:fedora/druid:xf680rd3068">
              <fedora:isMemberOf rdf:resource="info:fedora/druid:sk373nx0013"/>
              <fedora:isMemberOfCollection rdf:resource="info:fedora/druid:sk373nx0013"/>
            </rdf:Description>
          </rdf:RDF>
          <oai_dc:dc xmlns:dc="http://purl.org/dc/elements/1.1/" xmlns:srw_dc="info:srw/schema/1/dc-schema" xmlns:oai_dc="http://www.openarchives.org/OAI/2.0/oai_dc/" xmlns:xsi="http://www.w3.org/2001/XMLSchema-instance" xsi:schemaLocation="http://www.openarchives.org/OAI/2.0/oai_dc/ http://www.openarchives.org/OAI/2.0/oai_dc.xsd">
            <dc:title>Latin glossary : small manuscript fragment on vellum</dc:title>
            <dc:date>1200-1299</dc:date>
            <dc:date>13th century</dc:date>
            <dc:language>lat</dc:language>
            <dc:format>1 fragment, 96 x 151 mm.</dc:format>
            <dc:description>Unidentified Latin vocabulary, this portion part of the letter M, with a total of 35 lemmata (a word or phrase that is glossed; headword).</dc:description>
            <dc:rights>Open for research; material must be requested at least 24 hours in advance of intended use.</dc:rights>
            <dc:description>Lower portion of vellum leaf, removed from a binding.</dc:description>
            <dc:description>Script: professional gotica textualis, 2 columns, with a fair amount of abbreviations.</dc:description>
            <dc:description type="acquisition">Purchased from Bonhams, 2013. Accession 2013-080.</dc:description>
            <dc:description type="ownership">Previously in the Bernard M. Rosenthal collection; with Rosenthal's dealer description included with the manuscript, together with a note re previous ownership of Bernard Bischoff.</dc:description>
            <dc:subject>Manuscripts, Latin (Medieval and modern)</dc:subject>
            <dc:coverage>France</dc:coverage>
            <dc:subject>Manuscripts, Latin (Medieval and modern)--France</dc:subject>
            <dc:relation type="collection">Stanford University Libraries Special Collections, Manuscripts Division</dc:relation>
          </oai_dc:dc>
          <ReleaseData/>
        </publicObject>
    http_version: 
  recorded_at: Tue, 10 Nov 2015 20:02:55 GMT
- request:
    method: get
    uri: https://purl.stanford.edu/xf680rd3068.xml
    body:
      encoding: US-ASCII
      string: ''
    headers:
      Accept-Encoding:
      - gzip;q=1.0,deflate;q=0.6,identity;q=0.3
      Accept:
      - "*/*"
      User-Agent:
      - Ruby
  response:
    status:
      code: 200
      message: OK
    headers:
      Date:
      - Tue, 10 Nov 2015 20:02:56 GMT
      Server:
      - Apache/2.2.15 (CentOS)
      Cache-Control:
      - max-age=0, private, must-revalidate
      X-Xss-Protection:
      - 1; mode=block
      X-Request-Id:
      - 741c3947-571e-456a-99f8-1f0ba4853277
      Etag:
      - '"37e08cb364489ba8b40e25f7e60ef051"'
      X-Frame-Options:
      - SAMEORIGIN
      X-Runtime:
      - '0.006517'
      X-Content-Type-Options:
      - nosniff
      X-Powered-By:
      - Phusion Passenger 5.0.16
      Strict-Transport-Security:
      - max-age=31536000; includeSubDomains
      Last-Modified:
      - Fri, 24 Apr 2015 18:45:21 GMT
      Status:
      - 200 OK
      Transfer-Encoding:
      - chunked
      Content-Type:
      - application/xml; charset=utf-8
    body:
      encoding: UTF-8
      string: |
        <?xml version="1.0" encoding="UTF-8"?>
        <publicObject id="druid:xf680rd3068" published="2015-04-24T11:45:16-07:00">
          <identityMetadata>
            <sourceId source="sul">MISC_1855</sourceId>
            <objectId>druid:xf680rd3068</objectId>
            <objectCreator>DOR</objectCreator>
            <objectLabel>Latin glossary : small manuscript fragment on vellum.</objectLabel>
            <objectType>item</objectType>
            <adminPolicy>druid:yg077np2529</adminPolicy>
            <otherId name="catkey">10157160</otherId>
            <otherId name="uuid">48b412d0-516c-11e3-bb66-0050569b3c3c</otherId>
            <tag>Process : Content Type : Image</tag>
            <tag>Project : Special Collections - Exhibitions</tag>
            <tag>JIRA : PROJQUEUE-85</tag>
            <tag>DPG : Medieval Manuscript Exhibition 2014</tag>
            <tag>DPG : Curator Request : Jordan</tag>
            <tag>Registered By : astrids</tag>
            <tag>Remediated By : 4.14.4</tag>
          </identityMetadata>
          <contentMetadata type="image" objectId="xf680rd3068">
            <resource type="image" sequence="1" id="xf680rd3068_1">
              <label>Image 1</label>
              <file id="xf680rd3068_00_0001.jp2" mimetype="image/jp2" size="887079">
                <imageData width="1794" height="2627"/>
              </file>
            </resource>
            <resource type="image" sequence="2" id="xf680rd3068_2">
              <label>Image 2</label>
              <file id="xf680rd3068_00_0002.jp2" mimetype="image/jp2" size="887064">
                <imageData width="1794" height="2627"/>
              </file>
            </resource>
          </contentMetadata>
          <rightsMetadata>
            <access type="discover">
              <machine>
                <world/>
              </machine>
            </access>
            <access type="read">
              <machine>
                <world/>
              </machine>
            </access>
            <use>
              <human type="useAndReproduction">Property rights reside with the repository. Literary rights reside with the creators of the documents or their heirs. To obtain permission to publish or reproduce, please contact the Special Collections Public Services Librarian at speccollref@stanford.edu.</human>
            </use>
            <use>
              <human type="creativeCommons"/>
              <machine type="creativeCommons"/>
            </use>
          </rightsMetadata>
          <rdf:RDF xmlns:fedora="info:fedora/fedora-system:def/relations-external#" xmlns:fedora-model="info:fedora/fedora-system:def/model#" xmlns:hydra="http://projecthydra.org/ns/relations#" xmlns:rdf="http://www.w3.org/1999/02/22-rdf-syntax-ns#">
            <rdf:Description rdf:about="info:fedora/druid:xf680rd3068">
              <fedora:isMemberOf rdf:resource="info:fedora/druid:sk373nx0013"/>
              <fedora:isMemberOfCollection rdf:resource="info:fedora/druid:sk373nx0013"/>
            </rdf:Description>
          </rdf:RDF>
          <oai_dc:dc xmlns:dc="http://purl.org/dc/elements/1.1/" xmlns:srw_dc="info:srw/schema/1/dc-schema" xmlns:oai_dc="http://www.openarchives.org/OAI/2.0/oai_dc/" xmlns:xsi="http://www.w3.org/2001/XMLSchema-instance" xsi:schemaLocation="http://www.openarchives.org/OAI/2.0/oai_dc/ http://www.openarchives.org/OAI/2.0/oai_dc.xsd">
            <dc:title>Latin glossary : small manuscript fragment on vellum</dc:title>
            <dc:date>1200-1299</dc:date>
            <dc:date>13th century</dc:date>
            <dc:language>lat</dc:language>
            <dc:format>1 fragment, 96 x 151 mm.</dc:format>
            <dc:description>Unidentified Latin vocabulary, this portion part of the letter M, with a total of 35 lemmata (a word or phrase that is glossed; headword).</dc:description>
            <dc:rights>Open for research; material must be requested at least 24 hours in advance of intended use.</dc:rights>
            <dc:description>Lower portion of vellum leaf, removed from a binding.</dc:description>
            <dc:description>Script: professional gotica textualis, 2 columns, with a fair amount of abbreviations.</dc:description>
            <dc:description type="acquisition">Purchased from Bonhams, 2013. Accession 2013-080.</dc:description>
            <dc:description type="ownership">Previously in the Bernard M. Rosenthal collection; with Rosenthal's dealer description included with the manuscript, together with a note re previous ownership of Bernard Bischoff.</dc:description>
            <dc:subject>Manuscripts, Latin (Medieval and modern)</dc:subject>
            <dc:coverage>France</dc:coverage>
            <dc:subject>Manuscripts, Latin (Medieval and modern)--France</dc:subject>
            <dc:relation type="collection">Stanford University Libraries Special Collections, Manuscripts Division</dc:relation>
          </oai_dc:dc>
          <ReleaseData/>
        </publicObject>
    http_version: 
  recorded_at: Tue, 10 Nov 2015 20:02:55 GMT
- request:
    method: get
    uri: https://purl.stanford.edu/xf680rd3068.xml
    body:
      encoding: US-ASCII
      string: ''
    headers:
      Accept-Encoding:
      - gzip;q=1.0,deflate;q=0.6,identity;q=0.3
      Accept:
      - "*/*"
      User-Agent:
      - Ruby
  response:
    status:
      code: 200
      message: OK
    headers:
      Date:
      - Tue, 10 Nov 2015 20:02:56 GMT
      Server:
      - Apache/2.2.15 (CentOS)
      Cache-Control:
      - max-age=0, private, must-revalidate
      Etag:
      - '"37e08cb364489ba8b40e25f7e60ef051"'
      X-Frame-Options:
      - SAMEORIGIN
      X-Xss-Protection:
      - 1; mode=block
      X-Content-Type-Options:
      - nosniff
      X-Runtime:
      - '0.006281'
      X-Request-Id:
      - 44874292-6cf0-4e27-b57b-fa3d9d13ad7a
      X-Powered-By:
      - Phusion Passenger 5.0.16
      Strict-Transport-Security:
      - max-age=31536000; includeSubDomains
      Last-Modified:
      - Fri, 24 Apr 2015 18:45:21 GMT
      Status:
      - 200 OK
      Transfer-Encoding:
      - chunked
      Content-Type:
      - application/xml; charset=utf-8
    body:
      encoding: UTF-8
      string: |
        <?xml version="1.0" encoding="UTF-8"?>
        <publicObject id="druid:xf680rd3068" published="2015-04-24T11:45:16-07:00">
          <identityMetadata>
            <sourceId source="sul">MISC_1855</sourceId>
            <objectId>druid:xf680rd3068</objectId>
            <objectCreator>DOR</objectCreator>
            <objectLabel>Latin glossary : small manuscript fragment on vellum.</objectLabel>
            <objectType>item</objectType>
            <adminPolicy>druid:yg077np2529</adminPolicy>
            <otherId name="catkey">10157160</otherId>
            <otherId name="uuid">48b412d0-516c-11e3-bb66-0050569b3c3c</otherId>
            <tag>Process : Content Type : Image</tag>
            <tag>Project : Special Collections - Exhibitions</tag>
            <tag>JIRA : PROJQUEUE-85</tag>
            <tag>DPG : Medieval Manuscript Exhibition 2014</tag>
            <tag>DPG : Curator Request : Jordan</tag>
            <tag>Registered By : astrids</tag>
            <tag>Remediated By : 4.14.4</tag>
          </identityMetadata>
          <contentMetadata type="image" objectId="xf680rd3068">
            <resource type="image" sequence="1" id="xf680rd3068_1">
              <label>Image 1</label>
              <file id="xf680rd3068_00_0001.jp2" mimetype="image/jp2" size="887079">
                <imageData width="1794" height="2627"/>
              </file>
            </resource>
            <resource type="image" sequence="2" id="xf680rd3068_2">
              <label>Image 2</label>
              <file id="xf680rd3068_00_0002.jp2" mimetype="image/jp2" size="887064">
                <imageData width="1794" height="2627"/>
              </file>
            </resource>
          </contentMetadata>
          <rightsMetadata>
            <access type="discover">
              <machine>
                <world/>
              </machine>
            </access>
            <access type="read">
              <machine>
                <world/>
              </machine>
            </access>
            <use>
              <human type="useAndReproduction">Property rights reside with the repository. Literary rights reside with the creators of the documents or their heirs. To obtain permission to publish or reproduce, please contact the Special Collections Public Services Librarian at speccollref@stanford.edu.</human>
            </use>
            <use>
              <human type="creativeCommons"/>
              <machine type="creativeCommons"/>
            </use>
          </rightsMetadata>
          <rdf:RDF xmlns:fedora="info:fedora/fedora-system:def/relations-external#" xmlns:fedora-model="info:fedora/fedora-system:def/model#" xmlns:hydra="http://projecthydra.org/ns/relations#" xmlns:rdf="http://www.w3.org/1999/02/22-rdf-syntax-ns#">
            <rdf:Description rdf:about="info:fedora/druid:xf680rd3068">
              <fedora:isMemberOf rdf:resource="info:fedora/druid:sk373nx0013"/>
              <fedora:isMemberOfCollection rdf:resource="info:fedora/druid:sk373nx0013"/>
            </rdf:Description>
          </rdf:RDF>
          <oai_dc:dc xmlns:dc="http://purl.org/dc/elements/1.1/" xmlns:srw_dc="info:srw/schema/1/dc-schema" xmlns:oai_dc="http://www.openarchives.org/OAI/2.0/oai_dc/" xmlns:xsi="http://www.w3.org/2001/XMLSchema-instance" xsi:schemaLocation="http://www.openarchives.org/OAI/2.0/oai_dc/ http://www.openarchives.org/OAI/2.0/oai_dc.xsd">
            <dc:title>Latin glossary : small manuscript fragment on vellum</dc:title>
            <dc:date>1200-1299</dc:date>
            <dc:date>13th century</dc:date>
            <dc:language>lat</dc:language>
            <dc:format>1 fragment, 96 x 151 mm.</dc:format>
            <dc:description>Unidentified Latin vocabulary, this portion part of the letter M, with a total of 35 lemmata (a word or phrase that is glossed; headword).</dc:description>
            <dc:rights>Open for research; material must be requested at least 24 hours in advance of intended use.</dc:rights>
            <dc:description>Lower portion of vellum leaf, removed from a binding.</dc:description>
            <dc:description>Script: professional gotica textualis, 2 columns, with a fair amount of abbreviations.</dc:description>
            <dc:description type="acquisition">Purchased from Bonhams, 2013. Accession 2013-080.</dc:description>
            <dc:description type="ownership">Previously in the Bernard M. Rosenthal collection; with Rosenthal's dealer description included with the manuscript, together with a note re previous ownership of Bernard Bischoff.</dc:description>
            <dc:subject>Manuscripts, Latin (Medieval and modern)</dc:subject>
            <dc:coverage>France</dc:coverage>
            <dc:subject>Manuscripts, Latin (Medieval and modern)--France</dc:subject>
            <dc:relation type="collection">Stanford University Libraries Special Collections, Manuscripts Division</dc:relation>
          </oai_dc:dc>
          <ReleaseData/>
        </publicObject>
    http_version: 
  recorded_at: Tue, 10 Nov 2015 20:02:55 GMT
- request:
    method: get
    uri: https://purl.stanford.edu/xf680rd3068.xml
    body:
      encoding: US-ASCII
      string: ''
    headers:
      Accept-Encoding:
      - gzip;q=1.0,deflate;q=0.6,identity;q=0.3
      Accept:
      - "*/*"
      User-Agent:
      - Ruby
  response:
    status:
      code: 200
      message: OK
    headers:
      Date:
      - Tue, 10 Nov 2015 20:02:56 GMT
      Server:
      - Apache/2.2.15 (CentOS)
      Cache-Control:
      - max-age=0, private, must-revalidate
      Etag:
      - '"37e08cb364489ba8b40e25f7e60ef051"'
      X-Frame-Options:
      - SAMEORIGIN
      X-Xss-Protection:
      - 1; mode=block
      X-Content-Type-Options:
      - nosniff
      X-Runtime:
      - '0.043769'
      X-Request-Id:
      - b8df154e-35b1-4546-8c52-7e508e1fcae4
      X-Powered-By:
      - Phusion Passenger 5.0.16
      Strict-Transport-Security:
      - max-age=31536000; includeSubDomains
      Last-Modified:
      - Fri, 24 Apr 2015 18:45:21 GMT
      Status:
      - 200 OK
      Transfer-Encoding:
      - chunked
      Content-Type:
      - application/xml; charset=utf-8
    body:
      encoding: UTF-8
      string: |
        <?xml version="1.0" encoding="UTF-8"?>
        <publicObject id="druid:xf680rd3068" published="2015-04-24T11:45:16-07:00">
          <identityMetadata>
            <sourceId source="sul">MISC_1855</sourceId>
            <objectId>druid:xf680rd3068</objectId>
            <objectCreator>DOR</objectCreator>
            <objectLabel>Latin glossary : small manuscript fragment on vellum.</objectLabel>
            <objectType>item</objectType>
            <adminPolicy>druid:yg077np2529</adminPolicy>
            <otherId name="catkey">10157160</otherId>
            <otherId name="uuid">48b412d0-516c-11e3-bb66-0050569b3c3c</otherId>
            <tag>Process : Content Type : Image</tag>
            <tag>Project : Special Collections - Exhibitions</tag>
            <tag>JIRA : PROJQUEUE-85</tag>
            <tag>DPG : Medieval Manuscript Exhibition 2014</tag>
            <tag>DPG : Curator Request : Jordan</tag>
            <tag>Registered By : astrids</tag>
            <tag>Remediated By : 4.14.4</tag>
          </identityMetadata>
          <contentMetadata type="image" objectId="xf680rd3068">
            <resource type="image" sequence="1" id="xf680rd3068_1">
              <label>Image 1</label>
              <file id="xf680rd3068_00_0001.jp2" mimetype="image/jp2" size="887079">
                <imageData width="1794" height="2627"/>
              </file>
            </resource>
            <resource type="image" sequence="2" id="xf680rd3068_2">
              <label>Image 2</label>
              <file id="xf680rd3068_00_0002.jp2" mimetype="image/jp2" size="887064">
                <imageData width="1794" height="2627"/>
              </file>
            </resource>
          </contentMetadata>
          <rightsMetadata>
            <access type="discover">
              <machine>
                <world/>
              </machine>
            </access>
            <access type="read">
              <machine>
                <world/>
              </machine>
            </access>
            <use>
              <human type="useAndReproduction">Property rights reside with the repository. Literary rights reside with the creators of the documents or their heirs. To obtain permission to publish or reproduce, please contact the Special Collections Public Services Librarian at speccollref@stanford.edu.</human>
            </use>
            <use>
              <human type="creativeCommons"/>
              <machine type="creativeCommons"/>
            </use>
          </rightsMetadata>
          <rdf:RDF xmlns:fedora="info:fedora/fedora-system:def/relations-external#" xmlns:fedora-model="info:fedora/fedora-system:def/model#" xmlns:hydra="http://projecthydra.org/ns/relations#" xmlns:rdf="http://www.w3.org/1999/02/22-rdf-syntax-ns#">
            <rdf:Description rdf:about="info:fedora/druid:xf680rd3068">
              <fedora:isMemberOf rdf:resource="info:fedora/druid:sk373nx0013"/>
              <fedora:isMemberOfCollection rdf:resource="info:fedora/druid:sk373nx0013"/>
            </rdf:Description>
          </rdf:RDF>
          <oai_dc:dc xmlns:dc="http://purl.org/dc/elements/1.1/" xmlns:srw_dc="info:srw/schema/1/dc-schema" xmlns:oai_dc="http://www.openarchives.org/OAI/2.0/oai_dc/" xmlns:xsi="http://www.w3.org/2001/XMLSchema-instance" xsi:schemaLocation="http://www.openarchives.org/OAI/2.0/oai_dc/ http://www.openarchives.org/OAI/2.0/oai_dc.xsd">
            <dc:title>Latin glossary : small manuscript fragment on vellum</dc:title>
            <dc:date>1200-1299</dc:date>
            <dc:date>13th century</dc:date>
            <dc:language>lat</dc:language>
            <dc:format>1 fragment, 96 x 151 mm.</dc:format>
            <dc:description>Unidentified Latin vocabulary, this portion part of the letter M, with a total of 35 lemmata (a word or phrase that is glossed; headword).</dc:description>
            <dc:rights>Open for research; material must be requested at least 24 hours in advance of intended use.</dc:rights>
            <dc:description>Lower portion of vellum leaf, removed from a binding.</dc:description>
            <dc:description>Script: professional gotica textualis, 2 columns, with a fair amount of abbreviations.</dc:description>
            <dc:description type="acquisition">Purchased from Bonhams, 2013. Accession 2013-080.</dc:description>
            <dc:description type="ownership">Previously in the Bernard M. Rosenthal collection; with Rosenthal's dealer description included with the manuscript, together with a note re previous ownership of Bernard Bischoff.</dc:description>
            <dc:subject>Manuscripts, Latin (Medieval and modern)</dc:subject>
            <dc:coverage>France</dc:coverage>
            <dc:subject>Manuscripts, Latin (Medieval and modern)--France</dc:subject>
            <dc:relation type="collection">Stanford University Libraries Special Collections, Manuscripts Division</dc:relation>
          </oai_dc:dc>
          <ReleaseData/>
        </publicObject>
    http_version: 
  recorded_at: Tue, 10 Nov 2015 20:02:56 GMT
- request:
    method: get
    uri: https://purl.stanford.edu/xf680rd3068.xml
    body:
      encoding: US-ASCII
      string: ''
    headers:
      Accept-Encoding:
      - gzip;q=1.0,deflate;q=0.6,identity;q=0.3
      Accept:
      - "*/*"
      User-Agent:
      - Ruby
  response:
    status:
      code: 200
      message: OK
    headers:
      Date:
      - Tue, 10 Nov 2015 20:02:56 GMT
      Server:
      - Apache/2.2.15 (CentOS)
      Cache-Control:
      - max-age=0, private, must-revalidate
      Etag:
      - '"37e08cb364489ba8b40e25f7e60ef051"'
      X-Frame-Options:
      - SAMEORIGIN
      X-Xss-Protection:
      - 1; mode=block
      X-Content-Type-Options:
      - nosniff
      X-Runtime:
      - '0.010215'
      X-Request-Id:
      - b5fc740e-182a-47f0-99a7-890ede2762bf
      X-Powered-By:
      - Phusion Passenger 5.0.16
      Strict-Transport-Security:
      - max-age=31536000; includeSubDomains
      Last-Modified:
      - Fri, 24 Apr 2015 18:45:21 GMT
      Status:
      - 200 OK
      Transfer-Encoding:
      - chunked
      Content-Type:
      - application/xml; charset=utf-8
    body:
      encoding: UTF-8
      string: |
        <?xml version="1.0" encoding="UTF-8"?>
        <publicObject id="druid:xf680rd3068" published="2015-04-24T11:45:16-07:00">
          <identityMetadata>
            <sourceId source="sul">MISC_1855</sourceId>
            <objectId>druid:xf680rd3068</objectId>
            <objectCreator>DOR</objectCreator>
            <objectLabel>Latin glossary : small manuscript fragment on vellum.</objectLabel>
            <objectType>item</objectType>
            <adminPolicy>druid:yg077np2529</adminPolicy>
            <otherId name="catkey">10157160</otherId>
            <otherId name="uuid">48b412d0-516c-11e3-bb66-0050569b3c3c</otherId>
            <tag>Process : Content Type : Image</tag>
            <tag>Project : Special Collections - Exhibitions</tag>
            <tag>JIRA : PROJQUEUE-85</tag>
            <tag>DPG : Medieval Manuscript Exhibition 2014</tag>
            <tag>DPG : Curator Request : Jordan</tag>
            <tag>Registered By : astrids</tag>
            <tag>Remediated By : 4.14.4</tag>
          </identityMetadata>
          <contentMetadata type="image" objectId="xf680rd3068">
            <resource type="image" sequence="1" id="xf680rd3068_1">
              <label>Image 1</label>
              <file id="xf680rd3068_00_0001.jp2" mimetype="image/jp2" size="887079">
                <imageData width="1794" height="2627"/>
              </file>
            </resource>
            <resource type="image" sequence="2" id="xf680rd3068_2">
              <label>Image 2</label>
              <file id="xf680rd3068_00_0002.jp2" mimetype="image/jp2" size="887064">
                <imageData width="1794" height="2627"/>
              </file>
            </resource>
          </contentMetadata>
          <rightsMetadata>
            <access type="discover">
              <machine>
                <world/>
              </machine>
            </access>
            <access type="read">
              <machine>
                <world/>
              </machine>
            </access>
            <use>
              <human type="useAndReproduction">Property rights reside with the repository. Literary rights reside with the creators of the documents or their heirs. To obtain permission to publish or reproduce, please contact the Special Collections Public Services Librarian at speccollref@stanford.edu.</human>
            </use>
            <use>
              <human type="creativeCommons"/>
              <machine type="creativeCommons"/>
            </use>
          </rightsMetadata>
          <rdf:RDF xmlns:fedora="info:fedora/fedora-system:def/relations-external#" xmlns:fedora-model="info:fedora/fedora-system:def/model#" xmlns:hydra="http://projecthydra.org/ns/relations#" xmlns:rdf="http://www.w3.org/1999/02/22-rdf-syntax-ns#">
            <rdf:Description rdf:about="info:fedora/druid:xf680rd3068">
              <fedora:isMemberOf rdf:resource="info:fedora/druid:sk373nx0013"/>
              <fedora:isMemberOfCollection rdf:resource="info:fedora/druid:sk373nx0013"/>
            </rdf:Description>
          </rdf:RDF>
          <oai_dc:dc xmlns:dc="http://purl.org/dc/elements/1.1/" xmlns:srw_dc="info:srw/schema/1/dc-schema" xmlns:oai_dc="http://www.openarchives.org/OAI/2.0/oai_dc/" xmlns:xsi="http://www.w3.org/2001/XMLSchema-instance" xsi:schemaLocation="http://www.openarchives.org/OAI/2.0/oai_dc/ http://www.openarchives.org/OAI/2.0/oai_dc.xsd">
            <dc:title>Latin glossary : small manuscript fragment on vellum</dc:title>
            <dc:date>1200-1299</dc:date>
            <dc:date>13th century</dc:date>
            <dc:language>lat</dc:language>
            <dc:format>1 fragment, 96 x 151 mm.</dc:format>
            <dc:description>Unidentified Latin vocabulary, this portion part of the letter M, with a total of 35 lemmata (a word or phrase that is glossed; headword).</dc:description>
            <dc:rights>Open for research; material must be requested at least 24 hours in advance of intended use.</dc:rights>
            <dc:description>Lower portion of vellum leaf, removed from a binding.</dc:description>
            <dc:description>Script: professional gotica textualis, 2 columns, with a fair amount of abbreviations.</dc:description>
            <dc:description type="acquisition">Purchased from Bonhams, 2013. Accession 2013-080.</dc:description>
            <dc:description type="ownership">Previously in the Bernard M. Rosenthal collection; with Rosenthal's dealer description included with the manuscript, together with a note re previous ownership of Bernard Bischoff.</dc:description>
            <dc:subject>Manuscripts, Latin (Medieval and modern)</dc:subject>
            <dc:coverage>France</dc:coverage>
            <dc:subject>Manuscripts, Latin (Medieval and modern)--France</dc:subject>
            <dc:relation type="collection">Stanford University Libraries Special Collections, Manuscripts Division</dc:relation>
          </oai_dc:dc>
          <ReleaseData/>
        </publicObject>
    http_version: 
  recorded_at: Tue, 10 Nov 2015 20:02:56 GMT
- request:
    method: get
    uri: https://purl.stanford.edu/xf680rd3068.xml
    body:
      encoding: US-ASCII
      string: ''
    headers:
      Accept-Encoding:
      - gzip;q=1.0,deflate;q=0.6,identity;q=0.3
      Accept:
      - "*/*"
      User-Agent:
      - Ruby
  response:
    status:
      code: 200
      message: OK
    headers:
      Date:
      - Tue, 10 Nov 2015 20:02:56 GMT
      Server:
      - Apache/2.2.15 (CentOS)
      Cache-Control:
      - max-age=0, private, must-revalidate
      Etag:
      - '"37e08cb364489ba8b40e25f7e60ef051"'
      X-Frame-Options:
      - SAMEORIGIN
      X-Xss-Protection:
      - 1; mode=block
      X-Content-Type-Options:
      - nosniff
      X-Runtime:
      - '0.005923'
      X-Request-Id:
      - 211418bc-f3f1-4e54-ac1d-44c0809eec50
      X-Powered-By:
      - Phusion Passenger 5.0.16
      Strict-Transport-Security:
      - max-age=31536000; includeSubDomains
      Last-Modified:
      - Fri, 24 Apr 2015 18:45:21 GMT
      Status:
      - 200 OK
      Transfer-Encoding:
      - chunked
      Content-Type:
      - application/xml; charset=utf-8
    body:
      encoding: UTF-8
      string: |
        <?xml version="1.0" encoding="UTF-8"?>
        <publicObject id="druid:xf680rd3068" published="2015-04-24T11:45:16-07:00">
          <identityMetadata>
            <sourceId source="sul">MISC_1855</sourceId>
            <objectId>druid:xf680rd3068</objectId>
            <objectCreator>DOR</objectCreator>
            <objectLabel>Latin glossary : small manuscript fragment on vellum.</objectLabel>
            <objectType>item</objectType>
            <adminPolicy>druid:yg077np2529</adminPolicy>
            <otherId name="catkey">10157160</otherId>
            <otherId name="uuid">48b412d0-516c-11e3-bb66-0050569b3c3c</otherId>
            <tag>Process : Content Type : Image</tag>
            <tag>Project : Special Collections - Exhibitions</tag>
            <tag>JIRA : PROJQUEUE-85</tag>
            <tag>DPG : Medieval Manuscript Exhibition 2014</tag>
            <tag>DPG : Curator Request : Jordan</tag>
            <tag>Registered By : astrids</tag>
            <tag>Remediated By : 4.14.4</tag>
          </identityMetadata>
          <contentMetadata type="image" objectId="xf680rd3068">
            <resource type="image" sequence="1" id="xf680rd3068_1">
              <label>Image 1</label>
              <file id="xf680rd3068_00_0001.jp2" mimetype="image/jp2" size="887079">
                <imageData width="1794" height="2627"/>
              </file>
            </resource>
            <resource type="image" sequence="2" id="xf680rd3068_2">
              <label>Image 2</label>
              <file id="xf680rd3068_00_0002.jp2" mimetype="image/jp2" size="887064">
                <imageData width="1794" height="2627"/>
              </file>
            </resource>
          </contentMetadata>
          <rightsMetadata>
            <access type="discover">
              <machine>
                <world/>
              </machine>
            </access>
            <access type="read">
              <machine>
                <world/>
              </machine>
            </access>
            <use>
              <human type="useAndReproduction">Property rights reside with the repository. Literary rights reside with the creators of the documents or their heirs. To obtain permission to publish or reproduce, please contact the Special Collections Public Services Librarian at speccollref@stanford.edu.</human>
            </use>
            <use>
              <human type="creativeCommons"/>
              <machine type="creativeCommons"/>
            </use>
          </rightsMetadata>
          <rdf:RDF xmlns:fedora="info:fedora/fedora-system:def/relations-external#" xmlns:fedora-model="info:fedora/fedora-system:def/model#" xmlns:hydra="http://projecthydra.org/ns/relations#" xmlns:rdf="http://www.w3.org/1999/02/22-rdf-syntax-ns#">
            <rdf:Description rdf:about="info:fedora/druid:xf680rd3068">
              <fedora:isMemberOf rdf:resource="info:fedora/druid:sk373nx0013"/>
              <fedora:isMemberOfCollection rdf:resource="info:fedora/druid:sk373nx0013"/>
            </rdf:Description>
          </rdf:RDF>
          <oai_dc:dc xmlns:dc="http://purl.org/dc/elements/1.1/" xmlns:srw_dc="info:srw/schema/1/dc-schema" xmlns:oai_dc="http://www.openarchives.org/OAI/2.0/oai_dc/" xmlns:xsi="http://www.w3.org/2001/XMLSchema-instance" xsi:schemaLocation="http://www.openarchives.org/OAI/2.0/oai_dc/ http://www.openarchives.org/OAI/2.0/oai_dc.xsd">
            <dc:title>Latin glossary : small manuscript fragment on vellum</dc:title>
            <dc:date>1200-1299</dc:date>
            <dc:date>13th century</dc:date>
            <dc:language>lat</dc:language>
            <dc:format>1 fragment, 96 x 151 mm.</dc:format>
            <dc:description>Unidentified Latin vocabulary, this portion part of the letter M, with a total of 35 lemmata (a word or phrase that is glossed; headword).</dc:description>
            <dc:rights>Open for research; material must be requested at least 24 hours in advance of intended use.</dc:rights>
            <dc:description>Lower portion of vellum leaf, removed from a binding.</dc:description>
            <dc:description>Script: professional gotica textualis, 2 columns, with a fair amount of abbreviations.</dc:description>
            <dc:description type="acquisition">Purchased from Bonhams, 2013. Accession 2013-080.</dc:description>
            <dc:description type="ownership">Previously in the Bernard M. Rosenthal collection; with Rosenthal's dealer description included with the manuscript, together with a note re previous ownership of Bernard Bischoff.</dc:description>
            <dc:subject>Manuscripts, Latin (Medieval and modern)</dc:subject>
            <dc:coverage>France</dc:coverage>
            <dc:subject>Manuscripts, Latin (Medieval and modern)--France</dc:subject>
            <dc:relation type="collection">Stanford University Libraries Special Collections, Manuscripts Division</dc:relation>
          </oai_dc:dc>
          <ReleaseData/>
        </publicObject>
    http_version: 
  recorded_at: Tue, 10 Nov 2015 20:02:56 GMT
- request:
    method: get
    uri: https://purl.stanford.edu/xf680rd3068.xml
    body:
      encoding: US-ASCII
      string: ''
    headers:
      Accept-Encoding:
      - gzip;q=1.0,deflate;q=0.6,identity;q=0.3
      Accept:
      - "*/*"
      User-Agent:
      - Ruby
  response:
    status:
      code: 200
      message: OK
    headers:
      Date:
      - Tue, 10 Nov 2015 20:02:57 GMT
      Server:
      - Apache/2.2.15 (CentOS)
      Cache-Control:
      - max-age=0, private, must-revalidate
      Etag:
      - '"37e08cb364489ba8b40e25f7e60ef051"'
      X-Frame-Options:
      - SAMEORIGIN
      X-Xss-Protection:
      - 1; mode=block
      X-Content-Type-Options:
      - nosniff
      X-Runtime:
      - '0.006135'
      X-Request-Id:
      - 54fdeb2c-8701-4d63-ab51-05277740183f
      X-Powered-By:
      - Phusion Passenger 5.0.16
      Strict-Transport-Security:
      - max-age=31536000; includeSubDomains
      Last-Modified:
      - Fri, 24 Apr 2015 18:45:21 GMT
      Status:
      - 200 OK
      Transfer-Encoding:
      - chunked
      Content-Type:
      - application/xml; charset=utf-8
    body:
      encoding: UTF-8
      string: |
        <?xml version="1.0" encoding="UTF-8"?>
        <publicObject id="druid:xf680rd3068" published="2015-04-24T11:45:16-07:00">
          <identityMetadata>
            <sourceId source="sul">MISC_1855</sourceId>
            <objectId>druid:xf680rd3068</objectId>
            <objectCreator>DOR</objectCreator>
            <objectLabel>Latin glossary : small manuscript fragment on vellum.</objectLabel>
            <objectType>item</objectType>
            <adminPolicy>druid:yg077np2529</adminPolicy>
            <otherId name="catkey">10157160</otherId>
            <otherId name="uuid">48b412d0-516c-11e3-bb66-0050569b3c3c</otherId>
            <tag>Process : Content Type : Image</tag>
            <tag>Project : Special Collections - Exhibitions</tag>
            <tag>JIRA : PROJQUEUE-85</tag>
            <tag>DPG : Medieval Manuscript Exhibition 2014</tag>
            <tag>DPG : Curator Request : Jordan</tag>
            <tag>Registered By : astrids</tag>
            <tag>Remediated By : 4.14.4</tag>
          </identityMetadata>
          <contentMetadata type="image" objectId="xf680rd3068">
            <resource type="image" sequence="1" id="xf680rd3068_1">
              <label>Image 1</label>
              <file id="xf680rd3068_00_0001.jp2" mimetype="image/jp2" size="887079">
                <imageData width="1794" height="2627"/>
              </file>
            </resource>
            <resource type="image" sequence="2" id="xf680rd3068_2">
              <label>Image 2</label>
              <file id="xf680rd3068_00_0002.jp2" mimetype="image/jp2" size="887064">
                <imageData width="1794" height="2627"/>
              </file>
            </resource>
          </contentMetadata>
          <rightsMetadata>
            <access type="discover">
              <machine>
                <world/>
              </machine>
            </access>
            <access type="read">
              <machine>
                <world/>
              </machine>
            </access>
            <use>
              <human type="useAndReproduction">Property rights reside with the repository. Literary rights reside with the creators of the documents or their heirs. To obtain permission to publish or reproduce, please contact the Special Collections Public Services Librarian at speccollref@stanford.edu.</human>
            </use>
            <use>
              <human type="creativeCommons"/>
              <machine type="creativeCommons"/>
            </use>
          </rightsMetadata>
          <rdf:RDF xmlns:fedora="info:fedora/fedora-system:def/relations-external#" xmlns:fedora-model="info:fedora/fedora-system:def/model#" xmlns:hydra="http://projecthydra.org/ns/relations#" xmlns:rdf="http://www.w3.org/1999/02/22-rdf-syntax-ns#">
            <rdf:Description rdf:about="info:fedora/druid:xf680rd3068">
              <fedora:isMemberOf rdf:resource="info:fedora/druid:sk373nx0013"/>
              <fedora:isMemberOfCollection rdf:resource="info:fedora/druid:sk373nx0013"/>
            </rdf:Description>
          </rdf:RDF>
          <oai_dc:dc xmlns:dc="http://purl.org/dc/elements/1.1/" xmlns:srw_dc="info:srw/schema/1/dc-schema" xmlns:oai_dc="http://www.openarchives.org/OAI/2.0/oai_dc/" xmlns:xsi="http://www.w3.org/2001/XMLSchema-instance" xsi:schemaLocation="http://www.openarchives.org/OAI/2.0/oai_dc/ http://www.openarchives.org/OAI/2.0/oai_dc.xsd">
            <dc:title>Latin glossary : small manuscript fragment on vellum</dc:title>
            <dc:date>1200-1299</dc:date>
            <dc:date>13th century</dc:date>
            <dc:language>lat</dc:language>
            <dc:format>1 fragment, 96 x 151 mm.</dc:format>
            <dc:description>Unidentified Latin vocabulary, this portion part of the letter M, with a total of 35 lemmata (a word or phrase that is glossed; headword).</dc:description>
            <dc:rights>Open for research; material must be requested at least 24 hours in advance of intended use.</dc:rights>
            <dc:description>Lower portion of vellum leaf, removed from a binding.</dc:description>
            <dc:description>Script: professional gotica textualis, 2 columns, with a fair amount of abbreviations.</dc:description>
            <dc:description type="acquisition">Purchased from Bonhams, 2013. Accession 2013-080.</dc:description>
            <dc:description type="ownership">Previously in the Bernard M. Rosenthal collection; with Rosenthal's dealer description included with the manuscript, together with a note re previous ownership of Bernard Bischoff.</dc:description>
            <dc:subject>Manuscripts, Latin (Medieval and modern)</dc:subject>
            <dc:coverage>France</dc:coverage>
            <dc:subject>Manuscripts, Latin (Medieval and modern)--France</dc:subject>
            <dc:relation type="collection">Stanford University Libraries Special Collections, Manuscripts Division</dc:relation>
          </oai_dc:dc>
          <ReleaseData/>
        </publicObject>
    http_version: 
  recorded_at: Tue, 10 Nov 2015 20:02:56 GMT
- request:
    method: get
    uri: https://purl.stanford.edu/xf680rd3068.mods
    body:
      encoding: US-ASCII
      string: ''
    headers:
      Accept-Encoding:
      - gzip;q=1.0,deflate;q=0.6,identity;q=0.3
      Accept:
      - "*/*"
      User-Agent:
      - Ruby
  response:
    status:
      code: 200
      message: OK
    headers:
      Date:
      - Tue, 10 Nov 2015 20:02:57 GMT
      Server:
      - Apache/2.2.15 (CentOS)
      Cache-Control:
      - max-age=0, private, must-revalidate
      Etag:
      - '"37e08cb364489ba8b40e25f7e60ef051"'
      X-Frame-Options:
      - SAMEORIGIN
      X-Xss-Protection:
      - 1; mode=block
      X-Content-Type-Options:
      - nosniff
      X-Runtime:
      - '0.010489'
      X-Request-Id:
      - ec0ec0f9-001c-4a07-b9c2-9dd1692fa4dc
      X-Powered-By:
      - Phusion Passenger 5.0.16
      Strict-Transport-Security:
      - max-age=31536000; includeSubDomains
      Last-Modified:
      - Fri, 24 Apr 2015 18:45:21 GMT
      Status:
      - 200 OK
      Transfer-Encoding:
      - chunked
      Content-Type:
      - application/xml; charset=utf-8
    body:
      encoding: UTF-8
      string: |
        <?xml version="1.0" encoding="UTF-8"?>
        <mods xmlns:xsi="http://www.w3.org/2001/XMLSchema-instance" xmlns="http://www.loc.gov/mods/v3" version="3.4" xsi:schemaLocation="http://www.loc.gov/mods/v3 http://www.loc.gov/standards/mods/v3/mods-3-4.xsd">
          <titleInfo>
            <title>Latin glossary : small manuscript fragment on vellum</title>
          </titleInfo>
          <typeOfResource manuscript="yes">mixed material</typeOfResource>
          <originInfo>
            <place>
              <placeTerm type="code" authority="marccountry">fr</placeTerm>
            </place>
            <place>
              <placeTerm type="text">France?</placeTerm>
            </place>
            <dateCreated>13th century</dateCreated>
            <dateIssued encoding="marc" point="start" qualifier="questionable">1200</dateIssued>
            <dateIssued encoding="marc" point="end" qualifier="questionable">1299</dateIssued>
            <issuance>monographic</issuance>
          </originInfo>
          <language>
            <languageTerm authority="iso639-2b" type="code">lat</languageTerm>
          </language>
          <physicalDescription>
            <extent>1 fragment, 96 x 151 mm.</extent>
          </physicalDescription>
          <abstract>Unidentified Latin vocabulary, this portion part of the letter M, with a total of 35 lemmata (a word or phrase that is glossed; headword).</abstract>
          <note type="statement of responsibility" altRepGroup="00"/>
          <note>Lower portion of vellum leaf, removed from a binding.</note>
          <note>Script: professional gotica textualis, 2 columns, with a fair amount of abbreviations.</note>
          <note type="acquisition">Purchased from Bonhams, 2013. Accession 2013-080.</note>
          <note type="ownership">Previously in the Bernard M. Rosenthal collection; with Rosenthal's dealer description included with the manuscript, together with a note re previous ownership of Bernard Bischoff.</note>
          <subject authority="lcsh">
            <topic>Manuscripts, Latin (Medieval and modern)</topic>
            <geographic>France</geographic>
          </subject>
          <location>
            <physicalLocation>Department of Special Collections, Stanford University Libraries, Stanford, CA 94305</physicalLocation>
          </location>
          <recordInfo>
            <descriptionStandard>dacs</descriptionStandard>
            <recordContentSource authority="marcorg">CSt</recordContentSource>
            <recordCreationDate encoding="marc">130524</recordCreationDate>
            <recordIdentifier>a10157160</recordIdentifier>
            <recordOrigin>Converted from MARCXML to MODS version 3.4 using MARC21slim2MODS3-4_SDR.xsl (Version 1.2.5 2013/08/11)</recordOrigin>
          </recordInfo>
          <relatedItem type="host">
            <titleInfo>
              <title>Stanford University Libraries Special Collections, Manuscripts Division</title>
            </titleInfo>
            <identifier type="uri">http://purl.stanford.edu/sk373nx0013</identifier>
            <typeOfResource collection="yes"/>
          </relatedItem>
          <accessCondition type="useAndReproduction">Property rights reside with the repository. Literary rights reside with the creators of the documents or their heirs. To obtain permission to publish or reproduce, please contact the Special Collections Public Services Librarian at speccollref@stanford.edu.</accessCondition>
        </mods>
    http_version: 
  recorded_at: Tue, 10 Nov 2015 20:02:56 GMT
- request:
    method: get
    uri: https://purl.stanford.edu/xf680rd3068.xml
    body:
      encoding: US-ASCII
      string: ''
    headers:
      Accept-Encoding:
      - gzip;q=1.0,deflate;q=0.6,identity;q=0.3
      Accept:
      - "*/*"
      User-Agent:
      - Ruby
  response:
    status:
      code: 200
      message: OK
    headers:
      Date:
      - Tue, 10 Nov 2015 20:02:57 GMT
      Server:
      - Apache/2.2.15 (CentOS)
      Cache-Control:
      - max-age=0, private, must-revalidate
      Etag:
      - '"37e08cb364489ba8b40e25f7e60ef051"'
      X-Frame-Options:
      - SAMEORIGIN
      X-Xss-Protection:
      - 1; mode=block
      X-Content-Type-Options:
      - nosniff
      X-Runtime:
      - '0.007858'
      X-Request-Id:
      - aa4ed37f-7263-4681-90d2-f2cc31675b4e
      X-Powered-By:
      - Phusion Passenger 5.0.16
      Strict-Transport-Security:
      - max-age=31536000; includeSubDomains
      Last-Modified:
      - Fri, 24 Apr 2015 18:45:21 GMT
      Status:
      - 200 OK
      Transfer-Encoding:
      - chunked
      Content-Type:
      - application/xml; charset=utf-8
    body:
      encoding: UTF-8
      string: |
        <?xml version="1.0" encoding="UTF-8"?>
        <publicObject id="druid:xf680rd3068" published="2015-04-24T11:45:16-07:00">
          <identityMetadata>
            <sourceId source="sul">MISC_1855</sourceId>
            <objectId>druid:xf680rd3068</objectId>
            <objectCreator>DOR</objectCreator>
            <objectLabel>Latin glossary : small manuscript fragment on vellum.</objectLabel>
            <objectType>item</objectType>
            <adminPolicy>druid:yg077np2529</adminPolicy>
            <otherId name="catkey">10157160</otherId>
            <otherId name="uuid">48b412d0-516c-11e3-bb66-0050569b3c3c</otherId>
            <tag>Process : Content Type : Image</tag>
            <tag>Project : Special Collections - Exhibitions</tag>
            <tag>JIRA : PROJQUEUE-85</tag>
            <tag>DPG : Medieval Manuscript Exhibition 2014</tag>
            <tag>DPG : Curator Request : Jordan</tag>
            <tag>Registered By : astrids</tag>
            <tag>Remediated By : 4.14.4</tag>
          </identityMetadata>
          <contentMetadata type="image" objectId="xf680rd3068">
            <resource type="image" sequence="1" id="xf680rd3068_1">
              <label>Image 1</label>
              <file id="xf680rd3068_00_0001.jp2" mimetype="image/jp2" size="887079">
                <imageData width="1794" height="2627"/>
              </file>
            </resource>
            <resource type="image" sequence="2" id="xf680rd3068_2">
              <label>Image 2</label>
              <file id="xf680rd3068_00_0002.jp2" mimetype="image/jp2" size="887064">
                <imageData width="1794" height="2627"/>
              </file>
            </resource>
          </contentMetadata>
          <rightsMetadata>
            <access type="discover">
              <machine>
                <world/>
              </machine>
            </access>
            <access type="read">
              <machine>
                <world/>
              </machine>
            </access>
            <use>
              <human type="useAndReproduction">Property rights reside with the repository. Literary rights reside with the creators of the documents or their heirs. To obtain permission to publish or reproduce, please contact the Special Collections Public Services Librarian at speccollref@stanford.edu.</human>
            </use>
            <use>
              <human type="creativeCommons"/>
              <machine type="creativeCommons"/>
            </use>
          </rightsMetadata>
          <rdf:RDF xmlns:fedora="info:fedora/fedora-system:def/relations-external#" xmlns:fedora-model="info:fedora/fedora-system:def/model#" xmlns:hydra="http://projecthydra.org/ns/relations#" xmlns:rdf="http://www.w3.org/1999/02/22-rdf-syntax-ns#">
            <rdf:Description rdf:about="info:fedora/druid:xf680rd3068">
              <fedora:isMemberOf rdf:resource="info:fedora/druid:sk373nx0013"/>
              <fedora:isMemberOfCollection rdf:resource="info:fedora/druid:sk373nx0013"/>
            </rdf:Description>
          </rdf:RDF>
          <oai_dc:dc xmlns:dc="http://purl.org/dc/elements/1.1/" xmlns:srw_dc="info:srw/schema/1/dc-schema" xmlns:oai_dc="http://www.openarchives.org/OAI/2.0/oai_dc/" xmlns:xsi="http://www.w3.org/2001/XMLSchema-instance" xsi:schemaLocation="http://www.openarchives.org/OAI/2.0/oai_dc/ http://www.openarchives.org/OAI/2.0/oai_dc.xsd">
            <dc:title>Latin glossary : small manuscript fragment on vellum</dc:title>
            <dc:date>1200-1299</dc:date>
            <dc:date>13th century</dc:date>
            <dc:language>lat</dc:language>
            <dc:format>1 fragment, 96 x 151 mm.</dc:format>
            <dc:description>Unidentified Latin vocabulary, this portion part of the letter M, with a total of 35 lemmata (a word or phrase that is glossed; headword).</dc:description>
            <dc:rights>Open for research; material must be requested at least 24 hours in advance of intended use.</dc:rights>
            <dc:description>Lower portion of vellum leaf, removed from a binding.</dc:description>
            <dc:description>Script: professional gotica textualis, 2 columns, with a fair amount of abbreviations.</dc:description>
            <dc:description type="acquisition">Purchased from Bonhams, 2013. Accession 2013-080.</dc:description>
            <dc:description type="ownership">Previously in the Bernard M. Rosenthal collection; with Rosenthal's dealer description included with the manuscript, together with a note re previous ownership of Bernard Bischoff.</dc:description>
            <dc:subject>Manuscripts, Latin (Medieval and modern)</dc:subject>
            <dc:coverage>France</dc:coverage>
            <dc:subject>Manuscripts, Latin (Medieval and modern)--France</dc:subject>
            <dc:relation type="collection">Stanford University Libraries Special Collections, Manuscripts Division</dc:relation>
          </oai_dc:dc>
          <ReleaseData/>
        </publicObject>
    http_version: 
  recorded_at: Tue, 10 Nov 2015 20:02:56 GMT
recorded_with: VCR 3.0.0
